Rank: 0 Q_range: 1:9 range length9

Rank: 3 Q_range: 31:39 range length9
Rank: 1 Q_range: 11:19 range length9

Rank: 6 Q_range: 61:69 range length9


Rank: 7 Q_range: 70:80 range length11

Rank: 4 Q_range: 41:49 range length9

Rank: 5 Q_range: 51:59 range length9

Rank: 2 Q_range: 21:29 range length9

Rank: 1 B: [2.0 2.0 2.0 2.0 2.0; 2.0 2.0 2.0 2.0 2.0; 2.0 2.0 2.0 2.0 2.0; 2.0 2.0 2.0 2.0 2.0; 2.0 2.0 2.0 2.0 2.0]
Rank: 3 B: [4.0 4.0 4.0 4.0 4.0; 4.0 4.0 4.0 4.0 4.0; 4.0 4.0 4.0 4.0 4.0; 4.0 4.0 4.0 4.0 4.0; 4.0 4.0 4.0 4.0 4.0]
Rank: 6 B: [7.0 7.0 7.0 7.0 7.0; 7.0 7.0 7.0 7.0 7.0; 7.0 7.0 7.0 7.0 7.0; 7.0 7.0 7.0 7.0 7.0; 7.0 7.0 7.0 7.0 7.0]
Rank: 5 B: [6.0 6.0 6.0 6.0 6.0; 6.0 6.0 6.0 6.0 6.0; 6.0 6.0 6.0 6.0 6.0; 6.0 6.0 6.0 6.0 6.0; 6.0 6.0 6.0 6.0 6.0]
Rank: 0 B: [1.0 1.0 1.0 1.0 1.0; 1.0 1.0 1.0 1.0 1.0; 1.0 1.0 1.0 1.0 1.0; 1.0 1.0 1.0 1.0 1.0; 1.0 1.0 1.0 1.0 1.0]
Rank: 4 B: [5.0 5.0 5.0 5.0 5.0; 5.0 5.0 5.0 5.0 5.0; 5.0 5.0 5.0 5.0 5.0; 5.0 5.0 5.0 5.0 5.0; 5.0 5.0 5.0 5.0 5.0]
Rank: 2 B: [3.0 3.0 3.0 3.0 3.0; 3.0 3.0 3.0 3.0 3.0; 3.0 3.0 3.0 3.0 3.0; 3.0 3.0 3.0 3.0 3.0; 3.0 3.0 3.0 3.0 3.0]
srun: interrupt (one more within 1 sec to abort)
srun: StepId=33409440.18 tasks 0-7: running
srun: sending Ctrl-C to StepId=33409440.18

[2109669] signal (2): Interrupt
in expression starting at /pscratch/sd/j/jhayes1/source/JuliaChem.jl/TinkerB_MPI.jl:82

[2109668] signal (2): Interrupt
in expression starting at /pscratch/sd/j/jhayes1/source/JuliaChem.jl/TinkerB_MPI.jl:82

[461547] signal (2): Interrupt
in expression starting at /pscratch/sd/j/jhayes1/source/JuliaChem.jl/TinkerB_MPI.jl:82
srun: forcing job termination

[921517] signal (2): Interrupt
in expression starting at /pscratch/sd/j/jhayes1/source/JuliaChem.jl/TinkerB_MPI.jl:82

[566140] signal (2): Interrupt
in expression starting at /pscratch/sd/j/jhayes1/source/JuliaChem.jl/TinkerB_MPI.jl:82

[566141] signal (2): Interrupt
in expression starting at /pscratch/sd/j/jhayes1/source/JuliaChem.jl/TinkerB_MPI.jl:82

[921518] signal (2): Interrupt
in expression starting at /pscratch/sd/j/jhayes1/source/JuliaChem.jl/TinkerB_MPI.jl:82

[461548] signal (2): Interrupt
in expression starting at /pscratch/sd/j/jhayes1/source/JuliaChem.jl/TinkerB_MPI.jl:80
cxip_evtq_progress at /workspace/src/github.hpe.com/hpe/hpc-shs-libfabric-netc/rpmbuild/BUILD/libfabric-1.20.1/prov/cxi/src/cxip_evtq.c:366
ofi_genlock_unlock at /workspace/src/github.hpe.com/hpe/hpc-shs-libfabric-netc/rpmbuild/BUILD/libfabric-1.20.1/./include/ofi_lock.h:394 [inlined]
cxip_ep_progress at /workspace/src/github.hpe.com/hpe/hpc-shs-libfabric-netc/rpmbuild/BUILD/libfabric-1.20.1/prov/cxi/src/cxip_ep.c:186
cxip_util_cq_progress at /workspace/src/github.hpe.com/hpe/hpc-shs-libfabric-netc/rpmbuild/BUILD/libfabric-1.20.1/prov/cxi/src/cxip_cq.c:115
unknown function (ip: 0xf9)
unknown function (ip: (nil))
Allocations: 624228 (Pool: 623652; Big: 576); GC: 1
cxi_eq_peek_event at /usr/include/cxi_prov_hw.h:1535 [inlined]
cxip_ep_ctrl_eq_progress at /workspace/src/github.hpe.com/hpe/hpc-shs-libfabric-netc/rpmbuild/BUILD/libfabric-1.20.1/prov/cxi/src/cxip_ctrl.c:339
unknown function (ip: 0x7840c7)
unknown function (ip: (nil))
Allocations: 1227718 (Pool: 1226157; Big: 1561); GC: 2
cxip_ep_progress at /workspace/src/github.hpe.com/hpe/hpc-shs-libfabric-netc/rpmbuild/BUILD/libfabric-1.20.1/prov/cxi/src/cxip_ep.c:183
cxip_util_cq_progress at /workspace/src/github.hpe.com/hpe/hpc-shs-libfabric-netc/rpmbuild/BUILD/libfabric-1.20.1/prov/cxi/src/cxip_cq.c:123
MPIR_Wait_impl at /opt/cray/pe/lib64/libmpi_cray.so (unknown line)
MPI_Recv at /opt/cray/pe/lib64/libmpi_cray.so (unknown line)
ofi_genlock_unlock at /workspace/src/github.hpe.com/hpe/hpc-shs-libfabric-netc/rpmbuild/BUILD/libfabric-1.20.1/./include/ofi_lock.h:394 [inlined]
cxip_util_cq_progress at /workspace/src/github.hpe.com/hpe/hpc-shs-libfabric-netc/rpmbuild/BUILD/libfabric-1.20.1/prov/cxi/src/cxip_cq.c:125
unknown function (ip: (nil))
unknown function (ip: (nil))
Allocations: 624228 (Pool: 623652; Big: 576); GC: 1
MPI_Recv at /global/homes/j/jhayes1/.julia/packages/MPI/fVAy6/src/api/generated_api.jl:2214 [inlined]
Recv! at /global/homes/j/jhayes1/.julia/packages/MPI/fVAy6/src/pointtopoint.jl:114 [inlined]
Recv! at /global/homes/j/jhayes1/.julia/packages/MPI/fVAy6/src/pointtopoint.jl:117 [inlined]
#Recv!#97 at /global/homes/j/jhayes1/.julia/packages/MPI/fVAy6/src/pointtopoint.jl:108 [inlined]
Recv! at /global/homes/j/jhayes1/.julia/packages/MPI/fVAy6/src/pointtopoint.jl:108 [inlined]
Recv! at /global/homes/j/jhayes1/.julia/packages/MPI/fVAy6/src/pointtopoint.jl:108 [inlined]
reduce_B_this_rank at /pscratch/sd/j/jhayes1/source/JuliaChem.jl/TinkerB_MPI.jl:11
unknown function (ip: 0x7f6afec6dc1e)
MPIDI_CRAY_Common_lmt_progress at /opt/cray/pe/lib64/libmpi_cray.so (unknown line)
unknown function (ip: (nil))
unknown function (ip: (nil))
Allocations: 624228 (Pool: 623652; Big: 576); GC: 1
MPIR_Wait_impl at /opt/cray/pe/lib64/libmpi_cray.so (unknown line)
cxip_util_cq_progress at /workspace/src/github.hpe.com/hpe/hpc-shs-libfabric-netc/rpmbuild/BUILD/libfabric-1.20.1/prov/cxi/src/cxip_cq.c:123
ofi_cq_readfrom at /workspace/src/github.hpe.com/hpe/hpc-shs-libfabric-netc/rpmbuild/BUILD/libfabric-1.20.1/prov/util/src/util_cq.c:270
ofi_cq_readfrom at /workspace/src/github.hpe.com/hpe/hpc-shs-libfabric-netc/rpmbuild/BUILD/libfabric-1.20.1/prov/util/src/util_cq.c:270
MPIC_Wait at /opt/cray/pe/lib64/libmpi_cray.so (unknown line)
MPIR_Wait_impl at /opt/cray/pe/lib64/libmpi_cray.so (unknown line)
MPIR_Wait_impl at /opt/cray/pe/lib64/libmpi_cray.so (unknown line)
MPIC_Recv at /opt/cray/pe/lib64/libmpi_cray.so (unknown line)
MPIC_Wait at /opt/cray/pe/lib64/libmpi_cray.so (unknown line)
MPIC_Wait at /opt/cray/pe/lib64/libmpi_cray.so (unknown line)
MPIR_CRAY_Bcast_Tree at /opt/cray/pe/lib64/libmpi_cray.so (unknown line)
MPIR_CRAY_Bcast at /opt/cray/pe/lib64/libmpi_cray.so (unknown line)
MPIC_Sendrecv at /opt/cray/pe/lib64/libmpi_cray.so (unknown line)
MPIC_Recv at /opt/cray/pe/lib64/libmpi_cray.so (unknown line)
MPIR_CRAY_Allreduce at /opt/cray/pe/lib64/libmpi_cray.so (unknown line)
MPIR_Allreduce_intra_recursive_doubling at /opt/cray/pe/lib64/libmpi_cray.so (unknown line)
MPIR_CRAY_Bcast_Tree at /opt/cray/pe/lib64/libmpi_cray.so (unknown line)
MPIDI_OFI_mpi_finalize_hook at /opt/cray/pe/lib64/libmpi_cray.so (unknown line)
MPIR_Allreduce_intra_auto at /opt/cray/pe/lib64/libmpi_cray.so (unknown line)
MPIR_CRAY_Bcast at /opt/cray/pe/lib64/libmpi_cray.so (unknown line)
MPID_Finalize at /opt/cray/pe/lib64/libmpi_cray.so (unknown line)
PMPI_Finalize at /opt/cray/pe/lib64/libmpi_cray.so (unknown line)
MPI_Finalize at /global/homes/j/jhayes1/.julia/packages/MPI/fVAy6/src/api/generated_api.jl:1872 [inlined]
Finalize at /global/homes/j/jhayes1/.julia/packages/MPI/fVAy6/src/environment.jl:263
unknown function (ip: 0x7f221327a522)
MPIR_Allreduce_impl at /opt/cray/pe/lib64/libmpi_cray.so (unknown line)
MPIR_CRAY_Allreduce at /opt/cray/pe/lib64/libmpi_cray.so (unknown line)
MPIR_CRAY_Allreduce at /opt/cray/pe/lib64/libmpi_cray.so (unknown line)
MPIDI_OFI_mpi_finalize_hook at /opt/cray/pe/lib64/libmpi_cray.so (unknown line)
MPIDI_OFI_mpi_finalize_hook at /opt/cray/pe/lib64/libmpi_cray.so (unknown line)
MPID_Finalize at /opt/cray/pe/lib64/libmpi_cray.so (unknown line)
PMPI_Finalize at /opt/cray/pe/lib64/libmpi_cray.so (unknown line)
MPI_Finalize at /global/homes/j/jhayes1/.julia/packages/MPI/fVAy6/src/api/generated_api.jl:1872 [inlined]
Finalize at /global/homes/j/jhayes1/.julia/packages/MPI/fVAy6/src/environment.jl:263
unknown function (ip: 0x7f8751c7a522)
MPID_Finalize at /opt/cray/pe/lib64/libmpi_cray.so (unknown line)
PMPI_Finalize at /opt/cray/pe/lib64/libmpi_cray.so (unknown line)
MPI_Finalize at /global/homes/j/jhayes1/.julia/packages/MPI/fVAy6/src/api/generated_api.jl:1872 [inlined]
Finalize at /global/homes/j/jhayes1/.julia/packages/MPI/fVAy6/src/environment.jl:263
unknown function (ip: 0x7fc3e4e7a522)
_jl_invoke at /cache/build/builder-amdci4-0/julialang/julia-release-1-dot-10/src/gf.c:2895 [inlined]
ijl_apply_generic at /cache/build/builder-amdci4-0/julialang/julia-release-1-dot-10/src/gf.c:3077
jl_apply at /cache/build/builder-amdci4-0/julialang/julia-release-1-dot-10/src/julia.h:1982 [inlined]
do_call at /cache/build/builder-amdci4-0/julialang/julia-release-1-dot-10/src/interpreter.c:126
eval_value at /cache/build/builder-amdci4-0/julialang/julia-release-1-dot-10/src/interpreter.c:223
eval_stmt_value at /cache/build/builder-amdci4-0/julialang/julia-release-1-dot-10/src/interpreter.c:174 [inlined]
eval_body at /cache/build/builder-amdci4-0/julialang/julia-release-1-dot-10/src/interpreter.c:617
jl_interpret_toplevel_thunk at /cache/build/builder-amdci4-0/julialang/julia-release-1-dot-10/src/interpreter.c:775
_jl_invoke at /cache/build/builder-amdci4-0/julialang/julia-release-1-dot-10/src/gf.c:2895 [inlined]
ijl_apply_generic at /cache/build/builder-amdci4-0/julialang/julia-release-1-dot-10/src/gf.c:3077
_jl_invoke at /cache/build/builder-amdci4-0/julialang/julia-release-1-dot-10/src/gf.c:2895 [inlined]
ijl_apply_generic at /cache/build/builder-amdci4-0/julialang/julia-release-1-dot-10/src/gf.c:3077
jl_toplevel_eval_flex at /cache/build/builder-amdci4-0/julialang/julia-release-1-dot-10/src/toplevel.c:934
jl_toplevel_eval_flex at /cache/build/builder-amdci4-0/julialang/julia-release-1-dot-10/src/toplevel.c:877
ijl_toplevel_eval_in at /cache/build/builder-amdci4-0/julialang/julia-release-1-dot-10/src/toplevel.c:985
jl_apply at /cache/build/builder-amdci4-0/julialang/julia-release-1-dot-10/src/julia.h:1982 [inlined]
do_call at /cache/build/builder-amdci4-0/julialang/julia-release-1-dot-10/src/interpreter.c:126
jl_apply at /cache/build/builder-amdci4-0/julialang/julia-release-1-dot-10/src/julia.h:1982 [inlined]
do_call at /cache/build/builder-amdci4-0/julialang/julia-release-1-dot-10/src/interpreter.c:126
eval_value at /cache/build/builder-amdci4-0/julialang/julia-release-1-dot-10/src/interpreter.c:223
eval_value at /cache/build/builder-amdci4-0/julialang/julia-release-1-dot-10/src/interpreter.c:223
eval_stmt_value at /cache/build/builder-amdci4-0/julialang/julia-release-1-dot-10/src/interpreter.c:174 [inlined]
eval_body at /cache/build/builder-amdci4-0/julialang/julia-release-1-dot-10/src/interpreter.c:617
eval_stmt_value at /cache/build/builder-amdci4-0/julialang/julia-release-1-dot-10/src/interpreter.c:174 [inlined]
eval_body at /cache/build/builder-amdci4-0/julialang/julia-release-1-dot-10/src/interpreter.c:617
jl_interpret_toplevel_thunk at /cache/build/builder-amdci4-0/julialang/julia-release-1-dot-10/src/interpreter.c:775
jl_interpret_toplevel_thunk at /cache/build/builder-amdci4-0/julialang/julia-release-1-dot-10/src/interpreter.c:775
jl_toplevel_eval_flex at /cache/build/builder-amdci4-0/julialang/julia-release-1-dot-10/src/toplevel.c:934
jl_toplevel_eval_flex at /cache/build/builder-amdci4-0/julialang/julia-release-1-dot-10/src/toplevel.c:934
jl_toplevel_eval_flex at /cache/build/builder-amdci4-0/julialang/julia-release-1-dot-10/src/toplevel.c:877
ijl_toplevel_eval_in at /cache/build/builder-amdci4-0/julialang/julia-release-1-dot-10/src/toplevel.c:985
_jl_invoke at /cache/build/builder-amdci4-0/julialang/julia-release-1-dot-10/src/gf.c:2895 [inlined]
ijl_apply_generic at /cache/build/builder-amdci4-0/julialang/julia-release-1-dot-10/src/gf.c:3077
main at /pscratch/sd/j/jhayes1/source/JuliaChem.jl/TinkerB_MPI.jl:67
unknown function (ip: 0x7f6afec6b752)
_jl_invoke at /cache/build/builder-amdci4-0/julialang/julia-release-1-dot-10/src/gf.c:2895 [inlined]
ijl_apply_generic at /cache/build/builder-amdci4-0/julialang/julia-release-1-dot-10/src/gf.c:3077
jl_toplevel_eval_flex at /cache/build/builder-amdci4-0/julialang/julia-release-1-dot-10/src/toplevel.c:877
ijl_toplevel_eval_in at /cache/build/builder-amdci4-0/julialang/julia-release-1-dot-10/src/toplevel.c:985
jl_apply at /cache/build/builder-amdci4-0/julialang/julia-release-1-dot-10/src/julia.h:1982 [inlined]
do_call at /cache/build/builder-amdci4-0/julialang/julia-release-1-dot-10/src/interpreter.c:126
eval_value at /cache/build/builder-amdci4-0/julialang/julia-release-1-dot-10/src/interpreter.c:223
eval_stmt_value at /cache/build/builder-amdci4-0/julialang/julia-release-1-dot-10/src/interpreter.c:174 [inlined]
eval_body at /cache/build/builder-amdci4-0/julialang/julia-release-1-dot-10/src/interpreter.c:617
jl_interpret_toplevel_thunk at /cache/build/builder-amdci4-0/julialang/julia-release-1-dot-10/src/interpreter.c:775
jl_toplevel_eval_flex at /cache/build/builder-amdci4-0/julialang/julia-release-1-dot-10/src/toplevel.c:934
jl_toplevel_eval_flex at /cache/build/builder-amdci4-0/julialang/julia-release-1-dot-10/src/toplevel.c:877
ijl_toplevel_eval_in at /cache/build/builder-amdci4-0/julialang/julia-release-1-dot-10/src/toplevel.c:985
eval at ./boot.jl:385 [inlined]
include_string at ./loading.jl:2076
_jl_invoke at /cache/build/builder-amdci4-0/julialang/julia-release-1-dot-10/src/gf.c:2895 [inlined]
ijl_apply_generic at /cache/build/builder-amdci4-0/julialang/julia-release-1-dot-10/src/gf.c:3077
eval at ./boot.jl:385 [inlined]
include_string at ./loading.jl:2076
_jl_invoke at /cache/build/builder-amdci4-0/julialang/julia-release-1-dot-10/src/gf.c:2895 [inlined]
ijl_apply_generic at /cache/build/builder-amdci4-0/julialang/julia-release-1-dot-10/src/gf.c:3077
_include at ./loading.jl:2136
eval at ./boot.jl:385 [inlined]
include_string at ./loading.jl:2076
_jl_invoke at /cache/build/builder-amdci4-0/julialang/julia-release-1-dot-10/src/gf.c:2895 [inlined]
ijl_apply_generic at /cache/build/builder-amdci4-0/julialang/julia-release-1-dot-10/src/gf.c:3077
eval at ./boot.jl:385 [inlined]
include_string at ./loading.jl:2076
_jl_invoke at /cache/build/builder-amdci4-0/julialang/julia-release-1-dot-10/src/gf.c:2895 [inlined]
ijl_apply_generic at /cache/build/builder-amdci4-0/julialang/julia-release-1-dot-10/src/gf.c:3077
_include at ./loading.jl:2136
include at ./Base.jl:495
_include at ./loading.jl:2136
_include at ./loading.jl:2136
include at ./Base.jl:495
include at ./Base.jl:495
include at ./Base.jl:495
srun: sending Ctrl-C to StepId=33409440.18
jfptr_include_46393.1 at /global/common/software/nersc/n9/julia/1.10.4/lib/julia/sys.so (unknown line)
_jl_invoke at /cache/build/builder-amdci4-0/julialang/julia-release-1-dot-10/src/gf.c:2895 [inlined]
ijl_apply_generic at /cache/build/builder-amdci4-0/julialang/julia-release-1-dot-10/src/gf.c:3077
exec_options at ./client.jl:318
jfptr_include_46393.1 at /global/common/software/nersc/n9/julia/1.10.4/lib/julia/sys.so (unknown line)
_jl_invoke at /cache/build/builder-amdci4-0/julialang/julia-release-1-dot-10/src/gf.c:2895 [inlined]
ijl_apply_generic at /cache/build/builder-amdci4-0/julialang/julia-release-1-dot-10/src/gf.c:3077
jfptr_include_46393.1 at /global/common/software/nersc/n9/julia/1.10.4/lib/julia/sys.so (unknown line)
_jl_invoke at /cache/build/builder-amdci4-0/julialang/julia-release-1-dot-10/src/gf.c:2895 [inlined]
ijl_apply_generic at /cache/build/builder-amdci4-0/julialang/julia-release-1-dot-10/src/gf.c:3077
jfptr_include_46393.1 at /global/common/software/nersc/n9/julia/1.10.4/lib/julia/sys.so (unknown line)
_jl_invoke at /cache/build/builder-amdci4-0/julialang/julia-release-1-dot-10/src/gf.c:2895 [inlined]
ijl_apply_generic at /cache/build/builder-amdci4-0/julialang/julia-release-1-dot-10/src/gf.c:3077
_start at ./client.jl:552
exec_options at ./client.jl:318
exec_options at ./client.jl:318
exec_options at ./client.jl:318
jfptr__start_82729.1 at /global/common/software/nersc/n9/julia/1.10.4/lib/julia/sys.so (unknown line)
_jl_invoke at /cache/build/builder-amdci4-0/julialang/julia-release-1-dot-10/src/gf.c:2895 [inlined]
ijl_apply_generic at /cache/build/builder-amdci4-0/julialang/julia-release-1-dot-10/src/gf.c:3077
jl_apply at /cache/build/builder-amdci4-0/julialang/julia-release-1-dot-10/src/julia.h:1982 [inlined]
true_main at /cache/build/builder-amdci4-0/julialang/julia-release-1-dot-10/src/jlapi.c:582
jl_repl_entrypoint at /cache/build/builder-amdci4-0/julialang/julia-release-1-dot-10/src/jlapi.c:731
main at /cache/build/builder-amdci4-0/julialang/julia-release-1-dot-10/cli/loader_exe.c:58
__libc_start_main at /lib64/libc.so.6 (unknown line)
unknown function (ip: 0x4010b8)
unknown function (ip: (nil))
Allocations: 624228 (Pool: 623652; Big: 576); GC: 1
_start at ./client.jl:552
_start at ./client.jl:552
_start at ./client.jl:552
jfptr__start_82729.1 at /global/common/software/nersc/n9/julia/1.10.4/lib/julia/sys.so (unknown line)
_jl_invoke at /cache/build/builder-amdci4-0/julialang/julia-release-1-dot-10/src/gf.c:2895 [inlined]
ijl_apply_generic at /cache/build/builder-amdci4-0/julialang/julia-release-1-dot-10/src/gf.c:3077
jl_apply at /cache/build/builder-amdci4-0/julialang/julia-release-1-dot-10/src/julia.h:1982 [inlined]
true_main at /cache/build/builder-amdci4-0/julialang/julia-release-1-dot-10/src/jlapi.c:582
jl_repl_entrypoint at /cache/build/builder-amdci4-0/julialang/julia-release-1-dot-10/src/jlapi.c:731
jfptr__start_82729.1 at /global/common/software/nersc/n9/julia/1.10.4/lib/julia/sys.so (unknown line)
_jl_invoke at /cache/build/builder-amdci4-0/julialang/julia-release-1-dot-10/src/gf.c:2895 [inlined]
ijl_apply_generic at /cache/build/builder-amdci4-0/julialang/julia-release-1-dot-10/src/gf.c:3077
main at /cache/build/builder-amdci4-0/julialang/julia-release-1-dot-10/cli/loader_exe.c:58
jl_apply at /cache/build/builder-amdci4-0/julialang/julia-release-1-dot-10/src/julia.h:1982 [inlined]
true_main at /cache/build/builder-amdci4-0/julialang/julia-release-1-dot-10/src/jlapi.c:582
__libc_start_main at /lib64/libc.so.6 (unknown line)
unknown function (ip: 0x4010b8)
unknown function (ip: (nil))
Allocations: 624228 (Pool: 623652; Big: 576); GC: 1
jl_repl_entrypoint at /cache/build/builder-amdci4-0/julialang/julia-release-1-dot-10/src/jlapi.c:731
main at /cache/build/builder-amdci4-0/julialang/julia-release-1-dot-10/cli/loader_exe.c:58
__libc_start_main at /lib64/libc.so.6 (unknown line)
unknown function (ip: 0x4010b8)
unknown function (ip: (nil))
Allocations: 624228 (Pool: 623652; Big: 576); GC: 1
jfptr__start_82729.1 at /global/common/software/nersc/n9/julia/1.10.4/lib/julia/sys.so (unknown line)
_jl_invoke at /cache/build/builder-amdci4-0/julialang/julia-release-1-dot-10/src/gf.c:2895 [inlined]
ijl_apply_generic at /cache/build/builder-amdci4-0/julialang/julia-release-1-dot-10/src/gf.c:3077
jl_apply at /cache/build/builder-amdci4-0/julialang/julia-release-1-dot-10/src/julia.h:1982 [inlined]
true_main at /cache/build/builder-amdci4-0/julialang/julia-release-1-dot-10/src/jlapi.c:582
jl_repl_entrypoint at /cache/build/builder-amdci4-0/julialang/julia-release-1-dot-10/src/jlapi.c:731
main at /cache/build/builder-amdci4-0/julialang/julia-release-1-dot-10/cli/loader_exe.c:58
__libc_start_main at /lib64/libc.so.6 (unknown line)
unknown function (ip: 0x4010b8)
unknown function (ip: (nil))
Allocations: 1227721 (Pool: 1226160; Big: 1561); GC: 2
srun: Job step aborted: Waiting up to 32 seconds for job step to finish.
srun: Terminating StepId=33409440.18
srun: job abort in progress
